// Vitest Snapshot v1, https://vitest.dev/guide/snapshot.html

exports[`transform TS > should return valid TS types 1`] = `
"type Message = CommandResponse | ErrorResponse | Event;

interface ErrorResponse extends Extensible {
  id?: JsUint | null,
  error: ErrorCode,
  message: string,
  stacktrace?: string,
}

type ResultData = BrowsingContextResult | EmptyResult | NetworkResult | ScriptResult | SessionResult;
type ErrorCode = \\"invalid argument\\" | \\"invalid session id\\" | \\"no such alert\\" | \\"no such frame\\" | \\"no such handle\\" | \\"no such node\\" | \\"no such script\\" | \\"session not created\\" | \\"unknown command\\" | \\"unknown error\\" | \\"unsupported operation\\";
type JsInt = number;
type JsUint = number;
type Handle = string;
type SharedId = string;
interface UndefinedValue { type: \\"undefined\\" }
interface NullValue { type: null }

interface StringValue {
  type: \\"string\\",
  value: string,
}

type SpecialNumber = \\"NaN\\" | \\"-0\\" | \\"Infinity\\" | \\"-Infinity\\";

interface NumberValue {
  type: \\"number\\",
  value: number | SpecialNumber,
}

interface SessionCapabilitiesRequest {
  alwaysMatch?: SessionCapabilityRequest,
  firstMatch?: SessionCapabilityRequest[],
}"
`;
