// Jest Snapshot v1, https://goo.gl/fbAQLP

exports[`parser can parse arrays 1`] = `
Array [
  Object {
    "Name": "unlimited-people",
    "Type": "array",
    "Values": Array [
      Object {
        "Comment": "",
        "Name": "",
        "Occurrence": Object {
          "m": Infinity,
          "n": 0,
        },
        "Type": Array [
          Object {
            "Type": "group",
            "Value": "person",
          },
        ],
      },
    ],
  },
  Object {
    "Name": "at-least-one-person",
    "Type": "array",
    "Values": Array [
      Object {
        "Comment": "some",
        "Name": "",
        "Occurrence": Object {
          "m": Infinity,
          "n": 1,
        },
        "Type": Array [
          Object {
            "Type": "group",
            "Value": "person",
          },
        ],
      },
    ],
  },
  Object {
    "Name": "zero-or-one-person",
    "Type": "array",
    "Values": Array [
      Object {
        "Comment": "comment",
        "Name": "",
        "Occurrence": Object {
          "m": Infinity,
          "n": 0,
        },
        "Type": Array [
          Object {
            "Type": "group",
            "Value": "person",
          },
        ],
      },
    ],
  },
  Object {
    "Name": "one-or-two-people",
    "Type": "array",
    "Values": Array [
      Object {
        "Comment": "",
        "Name": "",
        "Occurrence": Object {
          "m": 2,
          "n": 1,
        },
        "Type": Array [
          Object {
            "Type": "group",
            "Value": "person",
          },
        ],
      },
    ],
  },
  Object {
    "Name": "zero-or-two-people",
    "Type": "array",
    "Values": Array [
      Object {
        "Comment": "",
        "Name": "",
        "Occurrence": Object {
          "m": 2,
          "n": 0,
        },
        "Type": Array [
          Object {
            "Type": "group",
            "Value": "person",
          },
        ],
      },
    ],
  },
  Object {
    "Name": "two-or-infinity-people",
    "Type": "array",
    "Values": Array [
      Object {
        "Comment": "",
        "Name": "",
        "Occurrence": Object {
          "m": Infinity,
          "n": 2,
        },
        "Type": Array [
          Object {
            "Type": "group",
            "Value": "person",
          },
        ],
      },
    ],
  },
  Object {
    "Name": "person",
    "Properties": Array [
      Object {
        "Comment": "",
        "Name": "name",
        "Occurrence": Object {
          "m": 1,
          "n": 1,
        },
        "Type": Array [
          "tstr",
        ],
      },
      Object {
        "Comment": "",
        "Name": "age",
        "Occurrence": Object {
          "m": 1,
          "n": 1,
        },
        "Type": Array [
          "uint",
        ],
      },
    ],
    "Type": "group",
  },
]
`;

exports[`parser can parse compositions 1`] = `
Array [
  Object {
    "Name": "person",
    "Properties": Array [
      Object {
        "Comment": "an identity",
        "Name": "",
        "Occurrence": Object {
          "m": 1,
          "n": 1,
        },
        "Type": Array [
          Object {
            "Type": "group",
            "Value": "identity",
          },
        ],
      },
      Object {
        "Comment": "some employer",
        "Name": "employer",
        "Occurrence": Object {
          "m": 1,
          "n": 1,
        },
        "Type": Array [
          "tstr",
        ],
      },
    ],
    "Type": "group",
  },
  Object {
    "Name": "dog",
    "Properties": Array [
      Object {
        "Comment": "an identity again",
        "Name": "",
        "Occurrence": Object {
          "m": 1,
          "n": 1,
        },
        "Type": Array [
          Object {
            "Type": "group",
            "Value": "identity",
          },
        ],
      },
      Object {
        "Comment": "some length",
        "Name": "leash-length",
        "Occurrence": Object {
          "m": 1,
          "n": 1,
        },
        "Type": Array [
          "float",
        ],
      },
    ],
    "Type": "group",
  },
  Object {
    "Name": "identity",
    "Properties": Array [
      Object {
        "Comment": "an age",
        "Name": "age",
        "Occurrence": Object {
          "m": 1,
          "n": 1,
        },
        "Type": Array [
          "int",
        ],
      },
      Object {
        "Comment": "a name",
        "Name": "name",
        "Occurrence": Object {
          "m": 1,
          "n": 1,
        },
        "Type": Array [
          "tstr",
        ],
      },
    ],
    "Type": "group",
  },
  Object {
    "Name": "Geography",
    "Type": "array",
    "Values": Array [
      Object {
        "Comment": "a city",
        "Name": "city",
        "Occurrence": Object {
          "m": 1,
          "n": 1,
        },
        "Type": Array [
          "tstr",
        ],
      },
      Object {
        "Comment": "some coordinates",
        "Name": "gpsCoordinates",
        "Occurrence": Object {
          "m": 1,
          "n": 1,
        },
        "Type": Array [
          "GpsCoordinates",
        ],
      },
    ],
  },
  Object {
    "Name": "GpsCoordinates",
    "Properties": Array [
      Object {
        "Comment": "degrees, scaled by 10^7",
        "Name": "longitude",
        "Occurrence": Object {
          "m": 1,
          "n": 1,
        },
        "Type": Array [
          "uint",
        ],
      },
      Object {
        "Comment": "degreed, scaled by 10^7",
        "Name": "latitude",
        "Occurrence": Object {
          "m": 1,
          "n": 1,
        },
        "Type": Array [
          "uint",
        ],
      },
    ],
    "Type": "group",
  },
  Object {
    "Name": "located-samples",
    "Properties": Array [
      Object {
        "Comment": "some",
        "Name": "sample-point",
        "Occurrence": Object {
          "m": 1,
          "n": 1,
        },
        "Type": Array [
          "int",
        ],
      },
      Object {
        "Comment": "comments",
        "Name": "samples",
        "Occurrence": Object {
          "m": 1,
          "n": 1,
        },
        "Type": Array [
          Object {
            "Name": "",
            "Type": "array",
            "Values": Array [
              Object {
                "Comment": "",
                "Name": "",
                "Occurrence": Object {
                  "m": Infinity,
                  "n": 1,
                },
                "Type": "float",
              },
            ],
          },
        ],
      },
    ],
    "Type": "group",
  },
  Object {
    "Name": "personWithoutComment",
    "Properties": Array [
      Object {
        "Comment": "",
        "Name": "",
        "Occurrence": Object {
          "m": 1,
          "n": 1,
        },
        "Type": Array [
          Object {
            "Type": "group",
            "Value": "identity",
          },
        ],
      },
      Object {
        "Comment": "",
        "Name": "employer",
        "Occurrence": Object {
          "m": 1,
          "n": 1,
        },
        "Type": Array [
          "tstr",
        ],
      },
    ],
    "Type": "group",
  },
  Object {
    "Name": "dogWithoutComment",
    "Properties": Array [
      Object {
        "Comment": "",
        "Name": "",
        "Occurrence": Object {
          "m": 1,
          "n": 1,
        },
        "Type": Array [
          Object {
            "Type": "group",
            "Value": "identity",
          },
        ],
      },
      Object {
        "Comment": "",
        "Name": "leash-length",
        "Occurrence": Object {
          "m": 1,
          "n": 1,
        },
        "Type": Array [
          "float",
        ],
      },
    ],
    "Type": "group",
  },
  Object {
    "Name": "identityWithoutComment",
    "Properties": Array [
      Object {
        "Comment": "",
        "Name": "age",
        "Occurrence": Object {
          "m": 1,
          "n": 1,
        },
        "Type": Array [
          "int",
        ],
      },
      Object {
        "Comment": "",
        "Name": "name",
        "Occurrence": Object {
          "m": 1,
          "n": 1,
        },
        "Type": Array [
          "tstr",
        ],
      },
    ],
    "Type": "group",
  },
  Object {
    "Name": "GeographyWithoutComment",
    "Type": "array",
    "Values": Array [
      Object {
        "Comment": "",
        "Name": "city",
        "Occurrence": Object {
          "m": 1,
          "n": 1,
        },
        "Type": Array [
          "tstr",
        ],
      },
      Object {
        "Comment": "",
        "Name": "gpsCoordinates",
        "Occurrence": Object {
          "m": 1,
          "n": 1,
        },
        "Type": Array [
          "GpsCoordinates",
        ],
      },
    ],
  },
  Object {
    "Name": "GpsCoordinatesWithoutComment",
    "Properties": Array [
      Object {
        "Comment": "",
        "Name": "longitude",
        "Occurrence": Object {
          "m": 1,
          "n": 1,
        },
        "Type": Array [
          "uint",
        ],
      },
      Object {
        "Comment": "",
        "Name": "latitude",
        "Occurrence": Object {
          "m": 1,
          "n": 1,
        },
        "Type": Array [
          "uint",
        ],
      },
    ],
    "Type": "group",
  },
  Object {
    "Name": "located-samples-without-comments",
    "Properties": Array [
      Object {
        "Comment": "",
        "Name": "sample-point",
        "Occurrence": Object {
          "m": 1,
          "n": 1,
        },
        "Type": Array [
          "int",
        ],
      },
      Object {
        "Comment": "",
        "Name": "samples",
        "Occurrence": Object {
          "m": 1,
          "n": 1,
        },
        "Type": Array [
          Object {
            "Name": "",
            "Type": "array",
            "Values": Array [
              Object {
                "Comment": "",
                "Name": "",
                "Occurrence": Object {
                  "m": Infinity,
                  "n": 1,
                },
                "Type": "float",
              },
            ],
          },
        ],
      },
    ],
    "Type": "group",
  },
]
`;

exports[`parser can parse occurrences 1`] = `
Array [
  Object {
    "Name": "someGroup",
    "Properties": Array [
      Object {
        "Comment": "",
        "Name": "optional",
        "Occurrence": Object {
          "m": Infinity,
          "n": 0,
        },
        "Type": Array [
          "tstr",
        ],
      },
      Object {
        "Comment": "",
        "Name": "anotherOptional",
        "Occurrence": Object {
          "m": Infinity,
          "n": 0,
        },
        "Type": Array [
          "tstr",
        ],
      },
      Object {
        "Comment": "",
        "Name": "atLeastOne",
        "Occurrence": Object {
          "m": Infinity,
          "n": 1,
        },
        "Type": Array [
          "tstr",
        ],
      },
      Object {
        "Comment": "",
        "Name": "numberedOccurence",
        "Occurrence": Object {
          "m": 42,
          "n": 23,
        },
        "Type": Array [
          "tstr",
        ],
      },
      Object {
        "Comment": "",
        "Name": "withoutLeftSide",
        "Occurrence": Object {
          "m": 42,
          "n": 0,
        },
        "Type": Array [
          "tstr",
        ],
      },
      Object {
        "Comment": "",
        "Name": "withoutRightSide",
        "Occurrence": Object {
          "m": Infinity,
          "n": 23,
        },
        "Type": Array [
          "tstr",
        ],
      },
    ],
    "Type": "group",
  },
]
`;

exports[`parser can parse ranges 1`] = `
Array [
  Object {
    "Name": "device-address",
    "PropertyType": "byte",
    "Type": "variable",
  },
  Object {
    "Name": "max-byte",
    "PropertyType": Object {
      "Type": "literal",
      "Value": 255,
    },
    "Type": "variable",
  },
  Object {
    "Name": "byte",
    "PropertyType": Object {
      "Type": "range",
      "Value": Object {
        "Inclusive": true,
        "Max": "max-byte",
        "Min": 0,
      },
    },
    "Type": "variable",
  },
  Object {
    "Name": "first-non-byte",
    "PropertyType": Object {
      "Type": "literal",
      "Value": 256,
    },
    "Type": "variable",
  },
  Object {
    "Name": "byte1",
    "PropertyType": Object {
      "Type": "range",
      "Value": Object {
        "Inclusive": false,
        "Max": "first-non-byte",
        "Min": 0,
      },
    },
    "Type": "variable",
  },
  Object {
    "Name": "min..max",
    "PropertyType": Object {
      "Type": "literal",
      "Value": 0,
    },
    "Type": "variable",
  },
  Object {
    "Name": "byte2",
    "PropertyType": "min..max...first-non-byte",
    "Type": "variable",
  },
  Object {
    "Name": "byte3",
    "PropertyType": Object {
      "Type": "range",
      "Value": Object {
        "Inclusive": false,
        "Max": "first-non-byte",
        "Min": "min..max",
      },
    },
    "Type": "variable",
  },
]
`;

exports[`parser should correctly parse CDDL file 1`] = `
Array [
  Object {
    "Name": "Example",
    "Properties": Array [
      Object {
        "Comment": "summary of test",
        "Name": "title",
        "Occurrence": Object {
          "m": 1,
          "n": 1,
        },
        "Type": Array [
          "tstr",
        ],
      },
      Object {
        "Comment": "longer description of test",
        "Name": "description",
        "Occurrence": Object {
          "m": Infinity,
          "n": 0,
        },
        "Type": Array [
          "tstr",
        ],
      },
      Object {
        "Comment": "Is this a success or failure test",
        "Name": "fail",
        "Occurrence": Object {
          "m": Infinity,
          "n": 0,
        },
        "Type": Array [
          "bool",
        ],
      },
      Object {
        "Comment": "Inputs to create the test",
        "Name": "input",
        "Occurrence": Object {
          "m": 1,
          "n": 1,
        },
        "Type": Array [
          "Inputs",
        ],
      },
      Object {
        "Comment": "Intermediate values for debugging",
        "Name": "intermediates",
        "Occurrence": Object {
          "m": Infinity,
          "n": 0,
        },
        "Type": Array [
          "Intermediates",
        ],
      },
      Object {
        "Comment": "Outputs of the test",
        "Name": "output",
        "Occurrence": Object {
          "m": 1,
          "n": 1,
        },
        "Type": Array [
          "Outputs",
        ],
      },
      Object {
        "Comment": "",
        "Name": "attire",
        "Occurrence": Object {
          "m": 1,
          "n": 1,
        },
        "Type": Array [
          Object {
            "Type": "literal",
            "Value": "bow tie",
          },
        ],
      },
      Object {
        "Comment": "",
        "Name": "count",
        "Occurrence": Object {
          "m": 1,
          "n": 1,
        },
        "Type": Array [
          Object {
            "Type": "literal",
            "Value": 123,
          },
        ],
      },
      Object {
        "Comment": "",
        "Name": "rating",
        "Occurrence": Object {
          "m": Infinity,
          "n": 0,
        },
        "Type": Array [
          Object {
            "Type": "literal",
            "Value": 0.5724646875815566,
          },
        ],
      },
      Object {
        "Comment": "",
        "Name": "hexa",
        "Occurrence": Object {
          "m": 1,
          "n": 1,
        },
        "Type": Array [
          Object {
            "Type": "literal",
            "Value": "0x123",
          },
        ],
      },
      Object {
        "Comment": "",
        "Name": "bin",
        "Occurrence": Object {
          "m": 1,
          "n": 1,
        },
        "Type": Array [
          Object {
            "Type": "literal",
            "Value": "0b123",
          },
        ],
      },
      Object {
        "Comment": "",
        "Name": "",
        "Occurrence": Object {
          "m": 1,
          "n": 1,
        },
        "Type": Array [
          Object {
            "Type": "group",
            "Value": "foobar",
          },
        ],
      },
      Object {
        "Comment": "",
        "Name": "samples",
        "Occurrence": Object {
          "m": 1,
          "n": 1,
        },
        "Type": Array [
          Object {
            "Name": "",
            "Type": "array",
            "Values": Array [
              Object {
                "Comment": "",
                "Name": "",
                "Occurrence": Object {
                  "m": Infinity,
                  "n": 1,
                },
                "Type": "float",
              },
            ],
          },
        ],
      },
    ],
    "Type": "group",
  },
]
`;
